[2026-10-01 03:10] chequeo: query=19 sistemas, 2 ok, 4 derivas
[2026-10-01 03:10] DERIVA: eco-nextcloud
[2026-10-01 03:10] DERIVA: eco-authentik
[2026-10-01 03:10] DERIVA: eco-docuseal
[2026-10-01 03:10] DERIVA: wordpress-dev
[2026-10-01 03:13] chequeo: query=19 sistemas, 2 ok, 1 derivas
[2026-10-01 03:13] DERIVA: wordpress-dev
al-dia (guarda 24h); reporte: --report
al-dia (guarda 24h); reporte: --report
al-dia (guarda 24h); reporte: --report
al-dia (guarda 24h); reporte: --report
al-dia (guarda 24h); reporte: --report
al-dia (guarda 24h); reporte: --report
al-dia (guarda 24h); reporte: --report
al-dia (guarda 24h); reporte: --report
al-dia (guarda 24h); reporte: --report
al-dia (guarda 24h); reporte: --report
al-dia (guarda 24h); reporte: --report
al-dia (guarda 24h); reporte: --report
al-dia (guarda 24h); reporte: --report
al-dia (guarda 24h); reporte: --report
al-dia (guarda 24h); reporte: --report
al-dia (guarda 24h); reporte: --report
al-dia (guarda 24h); reporte: --report
al-dia (guarda 24h); reporte: --report
al-dia (guarda 24h); reporte: --report
al-dia (guarda 24h); reporte: --report
al-dia (guarda 24h); reporte: --report
al-dia (guarda 24h); reporte: --report
al-dia (guarda 24h); reporte: --report
al-dia (guarda 24h); reporte: --report
[2026-10-02 04:06] chequeo: query=19 sistemas, 1 ok, 1 derivas
[2026-10-02 04:06] DERIVA: wordpress-dev
[2026-10-02 04:06] chequeo: query=19 sistemas, 1 ok, 1 derivas
[2026-10-02 04:06] DERIVA: wordpress-dev
al-dia (guarda 24h); reporte: --report
al-dia (guarda 24h); reporte: --report
al-dia (guarda 24h); reporte: --report
al-dia (guarda 24h); reporte: --report
al-dia (guarda 24h); reporte: --report
al-dia (guarda 24h); reporte: --report
al-dia (guarda 24h); reporte: --report
al-dia (guarda 24h); reporte: --report
al-dia (guarda 24h); reporte: --report
al-dia (guarda 24h); reporte: --report
al-dia (guarda 24h); reporte: --report
al-dia (guarda 24h); reporte: --report
al-dia (guarda 24h); reporte: --report
al-dia (guarda 24h); reporte: --report
al-dia (guarda 24h); reporte: --report
al-dia (guarda 24h); reporte: --report
al-dia (guarda 24h); reporte: --report
al-dia (guarda 24h); reporte: --report
al-dia (guarda 24h); reporte: --report
al-dia (guarda 24h); reporte: --report
al-dia (guarda 24h); reporte: --report
al-dia (guarda 24h); reporte: --report
[2026-10-03 11:06] chequeo: query=19 sistemas, 1 ok, 1 derivas
[2026-10-03 11:06] DERIVA: wordpress-dev
[2026-10-03 11:06] chequeo: query=19 sistemas, 1 ok, 1 derivas
[2026-10-03 11:06] DERIVA: wordpress-dev
al-dia (guarda 24h); reporte: --report
al-dia (guarda 24h); reporte: --report
al-dia (guarda 24h); reporte: --report
al-dia (guarda 24h); reporte: --report
al-dia (guarda 24h); reporte: --report
al-dia (guarda 24h); reporte: --report
python3: can't open file '/home/warcold/bin/upstream-kalimete-check.py': [Errno 2] No such file or directory
python3: can't open file '/home/warcold/bin/upstream-kalimete-check.py': [Errno 2] No such file or directory
python3: can't open file '/home/warcold/bin/upstream-kalimete-check.py': [Errno 2] No such file or directory
python3: can't open file '/home/warcold/bin/upstream-kalimete-check.py': [Errno 2] No such file or directory
python3: can't open file '/home/warcold/bin/upstream-kalimete-check.py': [Errno 2] No such file or directory
python3: can't open file '/home/warcold/bin/upstream-kalimete-check.py': [Errno 2] No such file or directory
python3: can't open file '/home/warcold/bin/upstream-kalimete-check.py': [Errno 2] No such file or directory
python3: can't open file '/home/warcold/bin/upstream-kalimete-check.py': [Errno 2] No such file or directory
python3: can't open file '/home/warcold/bin/upstream-kalimete-check.py': [Errno 2] No such file or directory
python3: can't open file '/home/warcold/bin/upstream-kalimete-check.py': [Errno 2] No such file or directory
python3: can't open file '/home/warcold/bin/upstream-kalimete-check.py': [Errno 2] No such file or directory
python3: can't open file '/home/warcold/bin/upstream-kalimete-check.py': [Errno 2] No such file or directory
python3: can't open file '/home/warcold/bin/upstream-kalimete-check.py': [Errno 2] No such file or directory
python3: can't open file '/home/warcold/bin/upstream-kalimete-check.py': [Errno 2] No such file or directory
python3: can't open file '/home/warcold/bin/upstream-kalimete-check.py': [Errno 2] No such file or directory
python3: can't open file '/home/warcold/bin/upstream-kalimete-check.py': [Errno 2] No such file or directory
python3: can't open file '/home/warcold/bin/upstream-kalimete-check.py': [Errno 2] No such file or directory
python3: can't open file '/home/warcold/bin/upstream-kalimete-check.py': [Errno 2] No such file or directory
python3: can't open file '/home/warcold/bin/upstream-kalimete-check.py': [Errno 2] No such file or directory
python3: can't open file '/home/warcold/bin/upstream-kalimete-check.py': [Errno 2] No such file or directory
python3: can't open file '/home/warcold/bin/upstream-kalimete-check.py': [Errno 2] No such file or directory
python3: can't open file '/home/warcold/bin/upstream-kalimete-check.py': [Errno 2] No such file or directory
python3: can't open file '/home/warcold/bin/upstream-kalimete-check.py': [Errno 2] No such file or directory
python3: can't open file '/home/warcold/bin/upstream-kalimete-check.py': [Errno 2] No such file or directory
python3: can't open file '/home/warcold/bin/upstream-kalimete-check.py': [Errno 2] No such file or directory
python3: can't open file '/home/warcold/bin/upstream-kalimete-check.py': [Errno 2] No such file or directory
python3: can't open file '/home/warcold/bin/upstream-kalimete-check.py': [Errno 2] No such file or directory
python3: can't open file '/home/warcold/bin/upstream-kalimete-check.py': [Errno 2] No such file or directory
python3: can't open file '/home/warcold/bin/upstream-kalimete-check.py': [Errno 2] No such file or directory
python3: can't open file '/home/warcold/bin/upstream-kalimete-check.py': [Errno 2] No such file or directory
python3: can't open file '/home/warcold/bin/upstream-kalimete-check.py': [Errno 2] No such file or directory
python3: can't open file '/home/warcold/bin/upstream-kalimete-check.py': [Errno 2] No such file or directory
python3: can't open file '/home/warcold/bin/upstream-kalimete-check.py': [Errno 2] No such file or directory
python3: can't open file '/home/warcold/bin/upstream-kalimete-check.py': [Errno 2] No such file or directory
python3: can't open file '/home/warcold/bin/upstream-kalimete-check.py': [Errno 2] No such file or directory
python3: can't open file '/home/warcold/bin/upstream-kalimete-check.py': [Errno 2] No such file or directory
python3: can't open file '/home/warcold/bin/upstream-kalimete-check.py': [Errno 2] No such file or directory
python3: can't open file '/home/warcold/bin/upstream-kalimete-check.py': [Errno 2] No such file or directory
python3: can't open file '/home/warcold/bin/upstream-kalimete-check.py': [Errno 2] No such file or directory
python3: can't open file '/home/warcold/bin/upstream-kalimete-check.py': [Errno 2] No such file or directory
python3: can't open file '/home/warcold/bin/upstream-kalimete-check.py': [Errno 2] No such file or directory
python3: can't open file '/home/warcold/bin/upstream-kalimete-check.py': [Errno 2] No such file or directory
python3: can't open file '/home/warcold/bin/upstream-kalimete-check.py': [Errno 2] No such file or directory
python3: can't open file '/home/warcold/bin/upstream-kalimete-check.py': [Errno 2] No such file or directory
python3: can't open file '/home/warcold/bin/upstream-kalimete-check.py': [Errno 2] No such file or directory
python3: can't open file '/home/warcold/bin/upstream-kalimete-check.py': [Errno 2] No such file or directory
python3: can't open file '/home/warcold/bin/upstream-kalimete-check.py': [Errno 2] No such file or directory
python3: can't open file '/home/warcold/bin/upstream-kalimete-check.py': [Errno 2] No such file or directory
python3: can't open file '/home/warcold/bin/upstream-kalimete-check.py': [Errno 2] No such file or directory
python3: can't open file '/home/warcold/bin/upstream-kalimete-check.py': [Errno 2] No such file or directory
python3: can't open file '/home/warcold/bin/upstream-kalimete-check.py': [Errno 2] No such file or directory
python3: can't open file '/home/warcold/bin/upstream-kalimete-check.py': [Errno 2] No such file or directory
python3: can't open file '/home/warcold/bin/upstream-kalimete-check.py': [Errno 2] No such file or directory
python3: can't open file '/home/warcold/bin/upstream-kalimete-check.py': [Errno 2] No such file or directory
python3: can't open file '/home/warcold/bin/upstream-kalimete-check.py': [Errno 2] No such file or directory
python3: can't open file '/home/warcold/bin/upstream-kalimete-check.py': [Errno 2] No such file or directory
python3: can't open file '/home/warcold/bin/upstream-kalimete-check.py': [Errno 2] No such file or directory
python3: can't open file '/home/warcold/bin/upstream-kalimete-check.py': [Errno 2] No such file or directory
python3: can't open file '/home/warcold/bin/upstream-kalimete-check.py': [Errno 2] No such file or directory
python3: can't open file '/home/warcold/bin/upstream-kalimete-check.py': [Errno 2] No such file or directory
python3: can't open file '/home/warcold/bin/upstream-kalimete-check.py': [Errno 2] No such file or directory
python3: can't open file '/home/warcold/bin/upstream-kalimete-check.py': [Errno 2] No such file or directory
python3: can't open file '/home/warcold/bin/upstream-kalimete-check.py': [Errno 2] No such file or directory
python3: can't open file '/home/warcold/bin/upstream-kalimete-check.py': [Errno 2] No such file or directory
python3: can't open file '/home/warcold/bin/upstream-kalimete-check.py': [Errno 2] No such file or directory
python3: can't open file '/home/warcold/bin/upstream-kalimete-check.py': [Errno 2] No such file or directory
python3: can't open file '/home/warcold/bin/upstream-kalimete-check.py': [Errno 2] No such file or directory
python3: can't open file '/home/warcold/bin/upstream-kalimete-check.py': [Errno 2] No such file or directory
python3: can't open file '/home/warcold/bin/upstream-kalimete-check.py': [Errno 2] No such file or directory
python3: can't open file '/home/warcold/bin/upstream-kalimete-check.py': [Errno 2] No such file or directory
python3: can't open file '/home/warcold/bin/upstream-kalimete-check.py': [Errno 2] No such file or directory
python3: can't open file '/home/warcold/bin/upstream-kalimete-check.py': [Errno 2] No such file or directory
python3: can't open file '/home/warcold/bin/upstream-kalimete-check.py': [Errno 2] No such file or directory
python3: can't open file '/home/warcold/bin/upstream-kalimete-check.py': [Errno 2] No such file or directory
python3: can't open file '/home/warcold/bin/upstream-kalimete-check.py': [Errno 2] No such file or directory
python3: can't open file '/home/warcold/bin/upstream-kalimete-check.py': [Errno 2] No such file or directory
python3: can't open file '/home/warcold/bin/upstream-kalimete-check.py': [Errno 2] No such file or directory
python3: can't open file '/home/warcold/bin/upstream-kalimete-check.py': [Errno 2] No such file or directory
python3: can't open file '/home/warcold/bin/upstream-kalimete-check.py': [Errno 2] No such file or directory
python3: can't open file '/home/warcold/bin/upstream-kalimete-check.py': [Errno 2] No such file or directory
python3: can't open file '/home/warcold/bin/upstream-kalimete-check.py': [Errno 2] No such file or directory
python3: can't open file '/home/warcold/bin/upstream-kalimete-check.py': [Errno 2] No such file or directory
python3: can't open file '/home/warcold/bin/upstream-kalimete-check.py': [Errno 2] No such file or directory
python3: can't open file '/home/warcold/bin/upstream-kalimete-check.py': [Errno 2] No such file or directory
python3: can't open file '/home/warcold/bin/upstream-kalimete-check.py': [Errno 2] No such file or directory
python3: can't open file '/home/warcold/bin/upstream-kalimete-check.py': [Errno 2] No such file or directory
python3: can't open file '/home/warcold/bin/upstream-kalimete-check.py': [Errno 2] No such file or directory
python3: can't open file '/home/warcold/bin/upstream-kalimete-check.py': [Errno 2] No such file or directory
python3: can't open file '/home/warcold/bin/upstream-kalimete-check.py': [Errno 2] No such file or directory
python3: can't open file '/home/warcold/bin/upstream-kalimete-check.py': [Errno 2] No such file or directory
python3: can't open file '/home/warcold/bin/upstream-kalimete-check.py': [Errno 2] No such file or directory
python3: can't open file '/home/warcold/bin/upstream-kalimete-check.py': [Errno 2] No such file or directory
python3: can't open file '/home/warcold/bin/upstream-kalimete-check.py': [Errno 2] No such file or directory
python3: can't open file '/home/warcold/bin/upstream-kalimete-check.py': [Errno 2] No such file or directory
python3: can't open file '/home/warcold/bin/upstream-kalimete-check.py': [Errno 2] No such file or directory
python3: can't open file '/home/warcold/bin/upstream-kalimete-check.py': [Errno 2] No such file or directory
python3: can't open file '/home/warcold/bin/upstream-kalimete-check.py': [Errno 2] No such file or directory
python3: can't open file '/home/warcold/bin/upstream-kalimete-check.py': [Errno 2] No such file or directory
python3: can't open file '/home/warcold/bin/upstream-kalimete-check.py': [Errno 2] No such file or directory
python3: can't open file '/home/warcold/bin/upstream-kalimete-check.py': [Errno 2] No such file or directory
python3: can't open file '/home/warcold/bin/upstream-kalimete-check.py': [Errno 2] No such file or directory
python3: can't open file '/home/warcold/bin/upstream-kalimete-check.py': [Errno 2] No such file or directory
python3: can't open file '/home/warcold/bin/upstream-kalimete-check.py': [Errno 2] No such file or directory
python3: can't open file '/home/warcold/bin/upstream-kalimete-check.py': [Errno 2] No such file or directory
python3: can't open file '/home/warcold/bin/upstream-kalimete-check.py': [Errno 2] No such file or directory
